// Jest Snapshot v1, https://goo.gl/fbAQLP

exports[`Display item component Should match to DisplayItemDataComp snapshot 1`] = `
<View
  collapsable={true}
  pointerEvents="box-none"
  style={
    Object {
      "flex": 1,
    }
  }
>
  <View
    style={
      Object {
        "alignContent": "center",
        "alignItems": "center",
        "flex": 1,
        "margin": 15,
      }
    }
  >
    <View
      style={
        Object {
          "alignItems": "center",
        }
      }
    >
      <Text>
        Go to daddy
      </Text>
    </View>
    <View
      style={
        Object {
          "alignItems": "center",
          "marginTop": 20,
        }
      }
    >
      <Text>
        Neque porro quisquam est, qui dolorem ipsum quia dolor sit amet, consectetur, adipisci velit, sed quia non numquam eius modi tempora incidunt ut labore et dolore magnam aliquam quaerat voluptatem
      </Text>
    </View>
    <View
      style={
        Array [
          Object {
            "bottom": 10,
            "flexDirection": "row",
            "justifyContent": "space-around",
            "position": "absolute",
            "width": "100%",
          },
          Object {
            "alignItems": "center",
            "marginTop": 20,
          },
        ]
      }
    >
      <View
        accessible={true}
        focusable={false}
        isTVSelectable={true}
        style={
          Object {
            "backgroundColor": "orange",
            "borderColor": "gray",
            "borderRadius": 50,
            "opacity": 0.5,
            "padding": 15,
          }
        }
      />
      <View
        accessible={true}
        focusable={false}
        isTVSelectable={true}
        style={
          Object {
            "backgroundColor": "orange",
            "borderColor": "gray",
            "borderRadius": 50,
            "opacity": 0.5,
            "padding": 15,
          }
        }
      />
      <View
        accessible={true}
        focusable={false}
        isTVSelectable={true}
        style={
          Object {
            "backgroundColor": "orange",
            "borderColor": "gray",
            "borderRadius": 50,
            "opacity": 0.5,
            "padding": 15,
          }
        }
      />
    </View>
    <View
      accessible={true}
      focusable={true}
      isTVSelectable={true}
      style={
        Object {
          "alignItems": "center",
          "alignSelf": "center",
          "backgroundColor": "orange",
          "borderRadius": 5,
          "flex": 0,
          "marginTop": 20,
          "opacity": 1,
          "padding": 15,
          "paddingHorizontal": 20,
        }
      }
      testID="delItem"
    >
      <Text>
        DELETE ITEM
      </Text>
    </View>
  </View>
</View>
`;
